nohup: ignoring input
[AUT_MAX80] BOOTED - DELEGATION MODE
[AUT_MAX80] Queue: /data/data/com.termux/files/home/eco.prv16.3/adm_ewitz/orders.json
[AUT_MAX80] DELEGATION LOOP STARTED - 15s cycle
[AUT_MAX80] Found 1 order(s)
[CMDR -> CPT_ECO] Delegating: MISSION: CPT_ECO test 1LT_ACTION cascade...
[CMDR] Found link: /data/data/com.termux/files/home/eco.prv16.3/cpt_eco/cpt_src/cpt_src.cmdr_link.py
[CPT_ECO] Received from CMDR: MISSION: CPT_ECO test 1LT_ACTION cascade...
[1LT_ACTION] Tactical plan for: MISSION: CPT_ECO test 1LT_ACTION cascade...
[CPT->LT1_ACTION] Result: LT1_ACK
[AUT_MAX80] Found 1 order(s)
[CMDR -> CPT_ECO] Delegating: MISSION: CPT_ECO build stallion_website cascade test...
[CMDR] Found link: /data/data/com.termux/files/home/eco.prv16.3/cpt_eco/cpt_src/cpt_src.cmdr_link.py
[CPT_ECO] Received from CMDR: MISSION: CPT_ECO build stallion_website cascade test...
[1LT_ACTION] Tactical plan for: MISSION: CPT_ECO build stallion_website cascade te...
[LT1->LT2] Dispatched: LT2 create html structure
[LT1->LT2] Dispatched: LT2 add css styling
[LT1->LT2] Dispatched: LT2 verify deployment
[CPT->LT1_ACTION] Result: LT1_TACTICAL_COMPLETE
[AUT_MAX80] Found 1 order(s)
[CMDR -> CPT_ECO] Delegating: MISSION: CPT_ECO build stallion_website cascade final...
[CMDR] Found link: /data/data/com.termux/files/home/eco.prv16.3/cpt_eco/cpt_src/cpt_src.cmdr_link.py
[CPT_ECO] Received from CMDR: MISSION: CPT_ECO build stallion_website cascade final...
[1LT_ACTION] Tactical plan for: MISSION: CPT_ECO build stallion_website cascade fi...
[1LT_ACTION->2LT_DEVIL_DOG] Dispatched: 2LT_DEVIL_DOG create html structure
[1LT_ACTION->2LT_DEVIL_DOG] Dispatched: 2LT_DEVIL_DOG add css styling
[1LT_ACTION->2LT_DEVIL_DOG] Dispatched: 2LT_DEVIL_DOG verify deployment
[CPT->LT1_ACTION] Result: 1LT_ACTION_TACTICAL_COMPLETE
[AUT_MAX80] Found 1 order(s)
[CMDR -> CPT_ECO] Delegating: MISSION: CPT_ECO build stallion_website cascade final...
[CMDR] Found link: /data/data/com.termux/files/home/eco.prv16.3/cpt_eco/cpt_src/cpt_src.cmdr_link.py
[CPT_ECO] Received from CMDR: MISSION: CPT_ECO build stallion_website cascade final...
[1LT_ACTION] Tactical plan for: MISSION: CPT_ECO build stallion_website cascade fi...
[1LT_ACTION->2LT_DEVIL_DOG] Dispatched: 2LT_DEVIL_DOG create html structure
[1LT_ACTION->2LT_DEVIL_DOG] Dispatched: 2LT_DEVIL_DOG add css styling
[1LT_ACTION->2LT_DEVIL_DOG] Dispatched: 2LT_DEVIL_DOG verify deployment
[CPT->LT1_ACTION] Result: 1LT_ACTION_TACTICAL_COMPLETE
[AUT_MAX80] Found 1 order(s)
[CMDR -> CPT_ECO] Delegating: MISSION: CPT_ECO build stallion_website cascade final...
[CMDR] Found link: /data/data/com.termux/files/home/eco.prv16.3/cpt_eco/cpt_src/cpt_src.cmdr_link.py
[CPT_ECO] Received from CMDR: MISSION: CPT_ECO build stallion_website cascade final...
[1LT_ACTION] Tactical plan for: MISSION: CPT_ECO build stallion_website cascade fi...
[1LT_ACTION->2LT_DEVIL_DOG] Dispatched: 2LT_DEVIL_DOG create html structure
[1LT_ACTION->2LT_DEVIL_DOG] Dispatched: 2LT_DEVIL_DOG add css styling
[1LT_ACTION->2LT_DEVIL_DOG] Dispatched: 2LT_DEVIL_DOG verify deployment
[CPT->LT1_ACTION] Result: 1LT_ACTION_TACTICAL_COMPLETE
